<html>
<body>
<pre>
<h1>µVision Build Log</h1>
<h2>Tool Versions:</h2>
IDE-Version: ¦ÌVision V5.22.0.0
Copyright (C) 2016 ARM Ltd and ARM Germany GmbH. All rights reserved.
License Information: xiao snake, s, LIC=IK19U-SYS7K-DX6U3-ABNUM-PE1BG-4QH7L
 
Tool Versions:
Toolchain:       MDK-ARM Plus  Version: 5.22
Toolchain Path:  D:\Keil\ARM\ARMCC\Bin
C Compiler:      Armcc.exe V5.06 update 4 (build 422)
Assembler:       Armasm.exe V5.06 update 4 (build 422)
Linker/Locator:  ArmLink.exe V5.06 update 4 (build 422)
Library Manager: ArmAr.exe V5.06 update 4 (build 422)
Hex Converter:   FromElf.exe V5.06 update 4 (build 422)
CPU DLL:         SARMCM3.DLL V5.22
Dialog DLL:      DARMSTM.DLL V1.67.0.0
Target DLL:      STLink\ST-LINKIII-KEIL_SWO.dll V2.0.18.0
Dialog DLL:      TARMSTM.DLL V1.66.0.0
 
<h2>Project:</h2>
E:\00_snake.xiao\LoRa\LoRa.puls\bsp\stm32f10x\project.uvprojx
Project File Date:  02/20/2019

<h2>Output:</h2>
*** Using Compiler 'V5.06 update 4 (build 422)', folder: 'D:\Keil\ARM\ARMCC\Bin'
Build target 'rtthread-stm32'
compiling LoRa_spi_sx1278.c...
..\..\components\drivers\LoRa\LoRa_spi_sx1278.c(138): warning:  #940-D: missing return statement at end of non-void function "LoRa_device_sx1278_reset" 
  }
..\..\components\drivers\LoRa\LoRa_spi_sx1278.c(249): warning:  #940-D: missing return statement at end of non-void function "rt_hw_sx1278_init" 
  }
..\..\components\drivers\LoRa\LoRa_spi_sx1278.c(76): warning:  #177-D: function "LoRa_sx1278_open"  was declared but never referenced
  static rt_err_t  LoRa_sx1278_open(rt_device_t dev, rt_uint16_t oflag)
..\..\components\drivers\LoRa\LoRa_spi_sx1278.c(85): warning:  #177-D: function "LoRa_sx1278_close"  was declared but never referenced
  static  rt_err_t  LoRa_sx1278_close(rt_device_t dev)
..\..\components\drivers\LoRa\LoRa_spi_sx1278.c(94): warning:  #177-D: function "LoRa_sx1278_read"  was declared but never referenced
  static rt_size_t LoRa_sx1278_read(rt_device_t dev, rt_off_t pos, void *buffer, rt_size_t size)
..\..\components\drivers\LoRa\LoRa_spi_sx1278.c(104): warning:  #177-D: function "LoRa_sx1278_write"  was declared but never referenced
  static rt_size_t LoRa_sx1278_write(rt_device_t dev, rt_off_t pos, const void *buffer, rt_size_t size)
..\..\components\drivers\LoRa\LoRa_spi_sx1278.c(114): warning:  #177-D: function "LoRa_sx1278_control"  was declared but never referenced
  static rt_err_t  LoRa_sx1278_control(rt_device_t dev, int cmd, void *args)
..\..\components\drivers\LoRa\LoRa_spi_sx1278.c: 7 warnings, 0 errors
compiling stm32f10x_spi_bus.c...
drivers\stm32f10x_spi_bus.c(684): warning:  #177-D: function "stm32f10x_spi_device_init"  was declared but never referenced
  static rt_err_t stm32f10x_spi_device_init(void)
drivers\stm32f10x_spi_bus.c: 1 warning, 0 errors
linking...
Program Size: Code=82204 RO-data=9624 RW-data=740 ZI-data=5172  
FromELF: creating hex file...
After Build - User command #1: fromelf --bin .\build\rtthread-stm32.axf --output rtthread.bin
".\build\rtthread-stm32.axf" - 0 Error(s), 8 Warning(s).

<h2>Collection of Component include folders:</h2>
  E:\00_snake.xiao\LoRa\LoRa.puls\bsp\stm32f10x\RTE\_rtthread-stm32
  D:\Keil\ARM\PACK\Keil\STM32F1xx_DFP\2.3.0\Device\Include

<h2>Collection of Component Files used:</h2>
Build Time Elapsed:  00:00:01
</pre>
</body>
</html>
